// Vitest Snapshot v1, https://vitest.dev/guide/snapshot.html

exports[`Select Component > matches snapshot 1`] = `
<div>
  <fieldset
    class="flex flex-col rounded-md border text-primary-black px-1 border-neutral-200 focus-within:border-1 focus-within:border-primary-black"
  >
    <legend
      class="text-xs text-neutral-700 px-2"
    >
      Test Select
    </legend>
    <div
      aria-disabled="false"
      aria-expanded="false"
      aria-haspopup="listbox"
      class="
          rounded-md font-medium transition-all flex items-center justify-between relative
          text-neutral-700 cursor-pointer
          text-base py-3 px-4
          
          
          
        "
      role="combobox"
      tabindex="0"
    >
      <span
        class="flex-grow text-left text-primary-black font-normal truncate"
      >
        Option 1
      </span>
      <svg
        class="lucide lucide-chevron-down ml-2 h-5 w-5 transition-transform duration-300 ease-in-out"
        fill="none"
        height="24"
        stroke="currentColor"
        stroke-linecap="round"
        stroke-linejoin="round"
        stroke-width="2"
        viewBox="0 0 24 24"
        width="24"
        xmlns="http://www.w3.org/2000/svg"
      >
        <path
          d="m6 9 6 6 6-6"
        />
      </svg>
    </div>
  </fieldset>
</div>
`;
